### Step 2A
/Users/AyeshaShamsher

### Step 2B
% cd Desktop

### Step 2C
% cd "unit 1-git-practice"


### Step 2D
/Users/AyeshaShamsher/Desktop/unit 1-git-practice


### Step 2E
% ls


### Step 2F
my-steps.txt


### Step 2G
% cd ..
% cd ..
% cd ..
% cd .. 

### Step 2H
/
AyeshaShamsher@MacBooks-MacBook-Pro-2 / % 

### Step 2I
Applications	Users		cores		home		sbin		var
Library		Volumes		dev		opt		tmp
System		bin		etc		private		usr
AyeshaShamsher@MacBooks-MacBook-Pro-2 / % 


### Step 2J
% cd ~


### Step 2K
% ls 
% cd desktop/
% ls
% cd "Unit 1-git-practice/"


### Step 3A
% mkdir veggies
% mkdir meats
% mkdir desserts

### Step 3B
% mv desserts sweets 

### Step 3C
% mkdir proteins

### Step 3D
% mv meats proteins

### Step 3E
% cd veggies
% pwd
% touch carrot.txt
% touch peas.txt 


### Step 3F
% cd ..
% cd sweets
% touch cookie.txt 

### Step 3G
% mv cookie.txt donut.txt

### Step 3H
% cd ..
% touch thing.txt

### Step 3I
% cp thing.txt tofu.txt

### Step 3J
% mv tofu.txt proteins


### Step 3K
% cp thing.txt crab.txt
% mv crab.txt proteins
% cd proteins
% mv crab.txt meats


### Step 3L
% cd ..
% rm thing.txt

### Step 3M
% cp -r veggies plants

### Step 3N
% mkdir drinks 
% rm -r drinks


### Step 4
% git init
Initialized empty Git repository in /Users/AyeshaShamsher/Desktop/Unit 1-git-practice/.git/
% git add .
% git commit -m "First commit for Unit1_git_practice"                   
[main (root-commit) e8266fc] First commit for Unit1_git_practice
 Committer: Ayesha Shamsher <AyeshaShamsher@MacBooks-MacBook-Pro-2.local>
Your name and email address were configured automatically based
on your username and hostname. Please check that they are accurate.
You can suppress this message by setting them explicitly:

    git config --global user.name "Your Name"
    git config --global user.email you@example.com

After doing this, you may fix the identity used for this commit with:

    git commit --amend --reset-author

 8 files changed, 135 insertions(+)
 create mode 100644 my-steps.txt
 create mode 100644 plants/carrot.txt
 create mode 100644 plants/peas.txt
 create mode 100644 proteins/meats/crab.txt
 create mode 100644 proteins/tofu.txt
 create mode 100644 sweets/donut.txt
 create mode 100644 veggies/carrot.txt
 create mode 100644 veggies/peas.txt
AyeshaShamsher@MacBooks-MacBook-Pro-2 Unit 1-git-practice % 



### Step 5
% git remote add origin https://github.com/Ashamsher27/Unit1_git_practice.git
git branch -M main
git push -u origin main
Enumerating objects: 8, done.
Counting objects: 100% (8/8), done.
Delta compression using up to 8 threads
Compressing objects: 100% (5/5), done.
Writing objects: 100% (8/8), 1.31 KiB | 1.31 MiB/s, done.
Total 8 (delta 0), reused 0 (delta 0), pack-reused 0
To https://github.com/Ashamsher27/Unit1_git_practice.git
 * [new branch]      main -> main
branch 'main' set up to track 'origin/main'.
AyeshaShamsher@MacBooks-MacBook-Pro-2 Unit 1-git-practice % 



### Step 6
% touch menu.txt
% ls
menu.txt	plants		sweets
my-steps.txt	proteins	veggies
% git status
% git add . 
% git commit -m "Starting a menu" 
[main d1f4f91] Starting a menu
 2 files changed, 41 insertions(+)
 create mode 100644 menu.txt
% git push
Enumerating objects: 6, done.
Counting objects: 100% (6/6), done.
Delta compression using up to 8 threads
Compressing objects: 100% (3/3), done.
Writing objects: 100% (4/4), 1.18 KiB | 1.18 MiB/s, done.
Total 4 (delta 1), reused 0 (delta 0), pack-reused 0
remote: Resolving deltas: 100% (1/1), completed with 1 local object.
To https://github.com/Ashamsher27/Unit1_git_practice.git
   e8266fc..d1f4f91  main -> main



### Step 7
*** DO NOT RECORD STEP 7 ***